// Vitest Snapshot v1, https://vitest.dev/guide/snapshot.html

exports[`<ResolutionCard /> > renders fallback layout for simple phase-style lines 1`] = `
<div>
  <div
    class="hover-card-transition w-full rounded-3xl border border-white/60 bg-white/80 p-6 shadow-2xl shadow-amber-500/10 dark:border-white/10 dark:bg-slate-900/80 dark:shadow-slate-900/60 frosted-surface pointer-events-auto"
    data-state="enter"
  >
    <div
      class="space-y-3"
    >
      <div
        class="flex items-start gap-4"
      >
        <div
          aria-hidden="true"
          class="flex h-12 w-12 shrink-0 items-center justify-center rounded-2xl border border-white/50 bg-white/70 text-3xl shadow-inner shadow-amber-500/20 dark:border-white/10 dark:bg-slate-900/60 dark:shadow-slate-900/40"
        >
          âœ¦
        </div>
        <div
          class="flex flex-1 items-start justify-between gap-4"
        >
          <div
            class="space-y-1"
          >
            <div
              class="text-xs font-semibold uppercase tracking-[0.3em] text-slate-500 dark:text-slate-300 text-amber-600 dark:text-amber-300"
            >
              Resolution
            </div>
            <div
              class="text-lg font-semibold tracking-tight text-slate-900 dark:text-slate-100"
            >
              Phase - Growth Phase
            </div>
          </div>
        </div>
      </div>
      <div
        class="mt-4 rounded-3xl border border-white/50 bg-white/70 p-4 shadow-inner shadow-amber-500/10 ring-1 ring-white/30 backdrop-blur-sm dark:border-white/10 dark:bg-slate-900/60 dark:shadow-slate-900/40 dark:ring-white/10"
      >
        <div
          class="text-xs font-semibold uppercase tracking-[0.3em] text-slate-500 dark:text-slate-300 text-slate-600"
        >
          Resolution steps
        </div>
        <div
          class="relative flex flex-col gap-3 pl-4 mt-3"
        >
          <div
            aria-hidden="true"
            class="pointer-events-none absolute left-[0.875rem] top-4 bottom-4 w-px bg-white/30 dark:bg-white/10"
          />
          <div
            class="relative flex items-start gap-3"
          >
            <span
              aria-hidden="true"
              class="mt-1.5 flex h-3 w-3 shrink-0 items-center justify-center rounded-full bg-amber-500 shadow-[0_0_0_4px_rgba(251,191,36,0.25)] dark:bg-amber-400 dark:shadow-[0_0_0_4px_rgba(251,191,36,0.2)]"
            />
            <div
              class="text-sm text-slate-700 dark:text-slate-200 whitespace-pre-wrap leading-relaxed"
            >
              Growth Phase summary
            </div>
          </div>
          <div
            class="relative flex items-start gap-3"
            style="margin-left: 0.875rem;"
          >
            <span
              aria-hidden="true"
              class="mt-1.5 flex h-2.5 w-2.5 shrink-0 items-center justify-center rounded-full bg-slate-400/80 shadow-[0_0_0_4px_rgba(148,163,184,0.2)] dark:bg-slate-500 dark:shadow-[0_0_0_4px_rgba(15,23,42,0.45)]"
            />
            <div
              class="text-sm text-slate-700 dark:text-slate-200 whitespace-pre-wrap leading-relaxed text-slate-600 dark:text-slate-300"
            >
              Rewards trigger
            </div>
          </div>
          <div
            class="relative flex items-start gap-3"
            style="margin-left: 1.75rem;"
          >
            <span
              aria-hidden="true"
              class="mt-1.5 flex h-2.5 w-2.5 shrink-0 items-center justify-center rounded-full bg-slate-400/80 shadow-[0_0_0_4px_rgba(148,163,184,0.2)] dark:bg-slate-500 dark:shadow-[0_0_0_4px_rgba(15,23,42,0.45)]"
            />
            <div
              class="text-sm text-slate-700 dark:text-slate-200 whitespace-pre-wrap leading-relaxed text-slate-600 dark:text-slate-300"
            >
              Gain 2 Gold
            </div>
          </div>
          <div
            class="relative flex items-start gap-3"
            style="margin-left: 1.75rem;"
          >
            <span
              aria-hidden="true"
              class="mt-1.5 flex h-2.5 w-2.5 shrink-0 items-center justify-center rounded-full bg-slate-400/80 shadow-[0_0_0_4px_rgba(148,163,184,0.2)] dark:bg-slate-500 dark:shadow-[0_0_0_4px_rgba(15,23,42,0.45)]"
            />
            <div
              class="text-sm text-slate-700 dark:text-slate-200 whitespace-pre-wrap leading-relaxed text-slate-600 dark:text-slate-300"
            >
              Gain 1 Happiness
            </div>
          </div>
          <div
            class="relative flex items-start gap-3"
            style="margin-left: 0.875rem;"
          >
            <span
              aria-hidden="true"
              class="mt-1.5 flex h-2.5 w-2.5 shrink-0 items-center justify-center rounded-full bg-slate-400/80 shadow-[0_0_0_4px_rgba(148,163,184,0.2)] dark:bg-slate-500 dark:shadow-[0_0_0_4px_rgba(15,23,42,0.45)]"
            />
            <div
              class="text-sm text-slate-700 dark:text-slate-200 whitespace-pre-wrap leading-relaxed text-slate-600 dark:text-slate-300"
            >
              Aftermath resolves
            </div>
          </div>
        </div>
      </div>
    </div>
    <div
      class="mt-6 flex justify-end"
    >
      <button
        class="inline-flex items-center justify-center rounded-2xl bg-amber-500 cursor-pointer px-4 py-2 text-sm font-semibold text-white shadow-lg shadow-amber-500/40 transition hover:bg-amber-400 focus:outline-none focus-visible:ring focus-visible:ring-amber-500/60 disabled:cursor-not-allowed disabled:bg-amber-500/60 disabled:shadow-none"
        type="button"
      >
        Continue
      </button>
    </div>
  </div>
</div>
`;
